run_accession	fastq_ftp	fastq_md5	fastq_bytes
ERR3258091	ftp.sra.ebi.ac.uk/vol1/fastq/ERR325/001/ERR3258091/ERR3258091.fastq.gz	da03ef37d3f6f03c2a527449f7e562fd	3545446900
